// Jest Snapshot v1, https://goo.gl/fbAQLP

exports[`Post Info Container should render without throwing an error 1`] = `
<ForwardRef
  className="Container-sc-17blqsn-0 dSckQz"
  noGutters={false}
/>
`;
