// Jest Snapshot v1, https://goo.gl/fbAQLP

exports[`Post Info SubInfo should render without throwing an error 1`] = `
<div
  className="SubInfo-sc-1bbx7ap-0 eHWfDZ"
/>
`;
