// Jest Snapshot v1, https://goo.gl/fbAQLP

exports[`Blog Header should render without throwing an error 1`] = `
<h1
  className="Header-sc-1einucj-0 drTfX"
/>
`;
