// Jest Snapshot v1, https://goo.gl/fbAQLP

exports[`Blog Content should render without throwing an error 1`] = `
<div
  className="Content-sc-178yd47-0 eQIFVa"
/>
`;
