// Jest Snapshot v1, https://goo.gl/fbAQLP

exports[`NavLogo should render without throwing an error 1`] = `
<NavLogo__Container>
  <NavLogo__Logo
    alt="logo"
  />
</NavLogo__Container>
`;
