// Jest Snapshot v1, https://goo.gl/fbAQLP

exports[`Fetch  fetchPostFromSlug with error request 1`] = `Object {}`;
