// Jest Snapshot v1, https://goo.gl/fbAQLP

exports[`PostInfo should render without throwing an error 1`] = `
<Container>
  <Col
    md={6}
  >
    <Row
      noGutters={false}
    >
      <ColNoGutter
        sm="auto"
        xs="auto"
      >
        <Avatar />
      </ColNoGutter>
      <ColInfo>
        <Row
          noGutters={true}
        >
          <Author>
             
             
          </Author>
        </Row>
        <Row
          noGutters={true}
        >
          <SubInfo>
            undefined - undefined mins read
          </SubInfo>
        </Row>
      </ColInfo>
    </Row>
  </Col>
  <Col
    md={
      Object {
        "offset": 4,
        "span": 2,
      }
    }
  />
</Container>
`;
