// Jest Snapshot v1, https://goo.gl/fbAQLP

exports[`Blogs Extra SubInfo should render without throwing an error 1`] = `
<div
  className="SubInfo-sc-12f5818-0 kCoihc"
/>
`;
