// Jest Snapshot v1, https://goo.gl/fbAQLP

exports[`Footer should render without throwing an error 1`] = `
.c5 {
  display: inline-block;
}

.c5::before {
  font-family: "ip",sans-serif;
  font-style: normal;
  font-weight: normal;
  content: '\\e817';
}

.c3 {
  color: #ecf0f1;
  border-color: #ecf0f1;
  -webkit-transition: color 0.5s;
  transition: color 0.5s;
}

.c3:hover {
  color: #2c3e50;
}

.c4 {
  position: absolute;
  top: -20px;
  left: 50%;
  z-index: 200;
  display: block;
  width: 36px;
  height: 36px;
  margin-left: -15px;
  font-size: 0;
  border: none;
  overflow: hidden;
  color: #ecf0f1;
  border-color: #ecf0f1;
  -webkit-transition: color 0.5s;
  transition: color 0.5s;
}

.c4::before {
  font-size: 45px;
  line-height: 35px;
  color: #ecf0f1;
  -webkit-transition: color 0.5s;
  transition: color 0.5s;
}

.c4:hover {
  color: #2c3e50;
}

.c4:hover::before {
  color: #2c3e50;
}

.c0 {
  position: relative;
  z-index: 100;
  width: 100%;
  background-color: #FFA726;
  color: #ecf0f1;
  box-shadow: 0 -2px 2px -1px #2c3e50;
  height: 50px;
}

.c0::before {
  content: '';
  position: absolute;
  top: -30px;
  left: 50%;
  margin-left: -40px;
  border-bottom: 40px solid #FFA726;
  border-left: 40px solid transparent;
  border-right: 40px solid transparent;
}

.c1 {
  margin-left: 10px;
  padding-top: 10px;
  float: left;
  line-height: 40px;
  font-weight: lighter;
}

.c2 {
  font-weight: bold;
}

@media screen and (max-width:600px) {
  .c1 {
    padding-top: 20px;
    line-height: 1;
    float: none;
    text-align: center;
  }
}

<Footer>
  <Footer__FooterContainer>
    <StyledComponent
      forwardedComponent={
        Object {
          "$$typeof": Symbol(react.forward_ref),
          "attrs": Array [],
          "componentStyle": ComponentStyle {
            "componentId": "Footer__FooterContainer-sc-1n6f7kd-0",
            "isStatic": false,
            "lastClassName": "c0",
            "rules": Array [
              "position:relative;z-index:100;width:100%;background-color:",
              [Function],
              ";color:",
              [Function],
              ";box-shadow:0 -2px 2px -1px ",
              [Function],
              ";height:",
              [Function],
              ";&::before{content:'';position:absolute;top:-30px;left:50%;margin-left:-40px;border-bottom:40px solid ",
              [Function],
              ";border-left:40px solid transparent;border-right:40px solid transparent;}",
            ],
          },
          "displayName": "Footer__FooterContainer",
          "foldedComponentIds": Array [],
          "render": [Function],
          "styledComponentId": "Footer__FooterContainer-sc-1n6f7kd-0",
          "target": "footer",
          "toString": [Function],
          "warnTooManyClasses": [Function],
          "withComponent": [Function],
        }
      }
      forwardedRef={null}
    >
      <footer
        className="c0"
      >
        <div
          className="container"
        >
          <Footer__CopyRight>
            <StyledComponent
              forwardedComponent={
                Object {
                  "$$typeof": Symbol(react.forward_ref),
                  "attrs": Array [],
                  "componentStyle": ComponentStyle {
                    "componentId": "Footer__CopyRight-sc-1n6f7kd-1",
                    "isStatic": false,
                    "lastClassName": "c1",
                    "rules": Array [
                      "margin-left:10px;padding-top:10px;float:left;line-height:40px;font-weight:lighter;@media screen and (max-width:600px){padding-top:20px;line-height:1;float:none;text-align:center;}",
                    ],
                  },
                  "displayName": "Footer__CopyRight",
                  "foldedComponentIds": Array [],
                  "render": [Function],
                  "styledComponentId": "Footer__CopyRight-sc-1n6f7kd-1",
                  "target": "p",
                  "toString": [Function],
                  "warnTooManyClasses": [Function],
                  "withComponent": [Function],
                }
              }
              forwardedRef={null}
            >
              <p
                className="c1"
              >
                © 
                <Footer__Bold>
                  <StyledComponent
                    forwardedComponent={
                      Object {
                        "$$typeof": Symbol(react.forward_ref),
                        "attrs": Array [],
                        "componentStyle": ComponentStyle {
                          "componentId": "Footer__Bold-sc-1n6f7kd-2",
                          "isStatic": false,
                          "lastClassName": "c2",
                          "rules": Array [
                            "font-weight:bold;",
                          ],
                        },
                        "displayName": "Footer__Bold",
                        "foldedComponentIds": Array [],
                        "render": [Function],
                        "styledComponentId": "Footer__Bold-sc-1n6f7kd-2",
                        "target": "span",
                        "toString": [Function],
                        "warnTooManyClasses": [Function],
                        "withComponent": [Function],
                      }
                    }
                    forwardedRef={null}
                  >
                    <span
                      className="c2"
                    >
                      Phat Ho
                    </span>
                  </StyledComponent>
                </Footer__Bold>
              </p>
            </StyledComponent>
          </Footer__CopyRight>
          <GoTop>
            <GoTop__Container
              href="#Home"
            >
              <StyledComponent
                forwardedComponent={
                  Object {
                    "$$typeof": Symbol(react.forward_ref),
                    "attrs": Array [],
                    "componentStyle": ComponentStyle {
                      "componentId": "GoTop__Container-sc-13an6zl-0",
                      "isStatic": false,
                      "lastClassName": "c3",
                      "rules": Array [
                        "color:",
                        [Function],
                        ";border-color:",
                        [Function],
                        ";transition:color 0.5s;&:hover{color:",
                        [Function],
                        ";}",
                      ],
                    },
                    "displayName": "GoTop__Container",
                    "foldedComponentIds": Array [],
                    "render": [Function],
                    "styledComponentId": "GoTop__Container-sc-13an6zl-0",
                    "target": "a",
                    "toString": [Function],
                    "warnTooManyClasses": [Function],
                    "withComponent": [Function],
                  }
                }
                forwardedRef={null}
                href="#Home"
              >
                <a
                  className="c3"
                  href="#Home"
                >
                  <GoTop__GoTopIcon
                    name="goTop"
                  >
                    <StyledComponent
                      forwardedComponent={
                        Object {
                          "$$typeof": Symbol(react.forward_ref),
                          "attrs": Array [],
                          "componentStyle": ComponentStyle {
                            "componentId": "GoTop__GoTopIcon-sc-13an6zl-1",
                            "isStatic": false,
                            "lastClassName": "c4",
                            "rules": Array [
                              "position:absolute;top:-20px;left:50%;z-index:200;display:block;width:36px;height:36px;margin-left:-15px;font-size:0;border:none;overflow:hidden;color:",
                              [Function],
                              ";border-color:",
                              [Function],
                              ";transition:color 0.5s;&::before{font-size:45px;line-height:35px;color:",
                              [Function],
                              ";transition:color 0.5s;}&:hover{color:",
                              [Function],
                              ";&::before{color:",
                              [Function],
                              ";}}",
                            ],
                          },
                          "displayName": "GoTop__GoTopIcon",
                          "foldedComponentIds": Array [],
                          "render": [Function],
                          "styledComponentId": "GoTop__GoTopIcon-sc-13an6zl-1",
                          "target": [Function],
                          "toString": [Function],
                          "warnTooManyClasses": [Function],
                          "withComponent": [Function],
                        }
                      }
                      forwardedRef={null}
                      name="goTop"
                    >
                      <Icon
                        className="c4"
                        name="goTop"
                      >
                        <Icon__Symbol
                          className="c4"
                          name="goTop"
                        >
                          <StyledComponent
                            className="c4"
                            forwardedComponent={
                              Object {
                                "$$typeof": Symbol(react.forward_ref),
                                "attrs": Array [],
                                "componentStyle": ComponentStyle {
                                  "componentId": "Icon__Symbol-sc-1v6tn9f-0",
                                  "isStatic": false,
                                  "lastClassName": "c5",
                                  "rules": Array [
                                    "display:inline-block;&::before{font-family:",
                                    [Function],
                                    ";font-style:normal;font-weight:normal;content:'",
                                    [Function],
                                    "';}",
                                  ],
                                },
                                "displayName": "Icon__Symbol",
                                "foldedComponentIds": Array [],
                                "render": [Function],
                                "styledComponentId": "Icon__Symbol-sc-1v6tn9f-0",
                                "target": "div",
                                "toString": [Function],
                                "warnTooManyClasses": [Function],
                                "withComponent": [Function],
                              }
                            }
                            forwardedRef={null}
                            name="goTop"
                          >
                            <div
                              className="c5 c4"
                              name="goTop"
                            />
                          </StyledComponent>
                        </Icon__Symbol>
                      </Icon>
                    </StyledComponent>
                  </GoTop__GoTopIcon>
                </a>
              </StyledComponent>
            </GoTop__Container>
          </GoTop>
        </div>
      </footer>
    </StyledComponent>
  </Footer__FooterContainer>
</Footer>
`;
