// Jest Snapshot v1, https://goo.gl/fbAQLP

exports[`WhyMe should render without throwing an error 1`] = `
.c1 {
  position: relative;
  margin-top: -15px;
}

.c1::before,
.c1::after {
  content: '';
  position: absolute;
  top: 15px;
  display: block;
  width: 30%;
  height: 10px;
  background-color: #FFA726;
}

.c1::before {
  left: 0;
}

.c1::after {
  right: 0;
}

.c2 {
  padding: 40px 0;
  border-bottom: 10px solid #FFA726;
}

.c3 {
  display: inline-block;
  width: 80%;
  margin: 0 auto;
  margin-bottom: 20px;
  font-weight: lighter;
  font-size: 25px;
}

.c0 {
  text-align: center;
  border-left: 10px solid #FFA726;
  border-right: 10px solid #FFA726;
  margin-top: 50px;
}

@media screen and (max-width:960px) {
  .c1::before,
  .c1::after {
    width: 25%;
  }
}

@media screen and (max-width:600px) {
  .c1::before,
  .c1::after {
    width: 15%;
  }
}

@media screen and (max-width:480px) {
  .c1::before,
  .c1::after {
    width: 10%;
  }
}

@media screen and (max-width:600px) {
  .c2 {
    padding: 20px 0;
  }
}

@media screen and (max-width:960px) {
  .c3 {
    font-size: 20px;
  }
}

@media screen and (max-width:600px) {
  .c3 {
    font-size: 18px;
  }
}

@media screen and (max-width:800px) {
  .c0 {
    margin-top: 30px;
  }
}

<WhyMe>
  <WhyMe__Container
    className="container"
    id="Whyme"
  >
    <StyledComponent
      className="container"
      forwardedComponent={
        Object {
          "$$typeof": Symbol(react.forward_ref),
          "attrs": Array [],
          "componentStyle": ComponentStyle {
            "componentId": "WhyMe__Container-sc-1awldpv-0",
            "isStatic": false,
            "lastClassName": "uhTf",
            "rules": Array [],
          },
          "displayName": "WhyMe__Container",
          "foldedComponentIds": Array [],
          "render": [Function],
          "styledComponentId": "WhyMe__Container-sc-1awldpv-0",
          "target": "section",
          "toString": [Function],
          "warnTooManyClasses": [Function],
          "withComponent": [Function],
        }
      }
      forwardedRef={null}
      id="Whyme"
    >
      <section
        className="container"
        id="Whyme"
      >
        <WhyMe__Inner
          className="whyme"
        >
          <StyledComponent
            className="whyme"
            forwardedComponent={
              Object {
                "$$typeof": Symbol(react.forward_ref),
                "attrs": Array [],
                "componentStyle": ComponentStyle {
                  "componentId": "WhyMe__Inner-sc-1awldpv-1",
                  "isStatic": false,
                  "lastClassName": "c0",
                  "rules": Array [
                    "text-align:center;border-left:10px solid ",
                    [Function],
                    ";border-right:10px solid ",
                    [Function],
                    ";margin-top:50px;@media screen and (max-width:800px){margin-top:30px;}",
                  ],
                },
                "displayName": "WhyMe__Inner",
                "foldedComponentIds": Array [],
                "render": [Function],
                "styledComponentId": "WhyMe__Inner-sc-1awldpv-1",
                "target": "div",
                "toString": [Function],
                "warnTooManyClasses": [Function],
                "withComponent": [Function],
              }
            }
            forwardedRef={null}
          >
            <div
              className="c0 whyme"
            >
              <Title>
                <Title__Container>
                  <StyledComponent
                    forwardedComponent={
                      Object {
                        "$$typeof": Symbol(react.forward_ref),
                        "attrs": Array [],
                        "componentStyle": ComponentStyle {
                          "componentId": "Title__Container-sc-1bg9m6j-0",
                          "isStatic": false,
                          "lastClassName": "c1",
                          "rules": Array [
                            "position:relative;margin-top:-15px;&::before,&::after{content:'';position:absolute;top:15px;display:block;width:30%;height:10px;background-color:",
                            [Function],
                            ";@media screen and (max-width:960px){width:25%;}@media screen and (max-width:600px){width:15%;}@media screen and (max-width:480px){width:10%;}}&::before{left:0;}&::after{right:0;}",
                          ],
                        },
                        "displayName": "Title__Container",
                        "foldedComponentIds": Array [],
                        "render": [Function],
                        "styledComponentId": "Title__Container-sc-1bg9m6j-0",
                        "target": "h2",
                        "toString": [Function],
                        "warnTooManyClasses": [Function],
                        "withComponent": [Function],
                      }
                    }
                    forwardedRef={null}
                  >
                    <h2
                      className="c1"
                    >
                      <Translate
                        id="Why me: Title"
                      >
                        <WrappedTranslate
                          context={
                            Object {
                              "activeLanguage": undefined,
                              "addTranslation": [Function],
                              "addTranslationForLanguage": [Function],
                              "defaultLanguage": undefined,
                              "ignoreTranslateChildren": false,
                              "initialize": [Function],
                              "languages": Array [],
                              "renderToStaticMarkup": false,
                              "setActiveLanguage": [Function],
                              "translate": [Function],
                            }
                          }
                          id="Why me: Title"
                        >
                          Missing translationId: Why me: Title for language: \${ languageCode }
                        </WrappedTranslate>
                      </Translate>
                    </h2>
                  </StyledComponent>
                </Title__Container>
              </Title>
              <Quote>
                <Quote__Container>
                  <StyledComponent
                    forwardedComponent={
                      Object {
                        "$$typeof": Symbol(react.forward_ref),
                        "attrs": Array [],
                        "componentStyle": ComponentStyle {
                          "componentId": "Quote__Container-sc-1qkoo9x-0",
                          "isStatic": false,
                          "lastClassName": "c2",
                          "rules": Array [
                            "padding:40px 0;border-bottom:10px solid ",
                            [Function],
                            ";@media screen and (max-width:600px){padding:20px 0;}",
                          ],
                        },
                        "displayName": "Quote__Container",
                        "foldedComponentIds": Array [],
                        "render": [Function],
                        "styledComponentId": "Quote__Container-sc-1qkoo9x-0",
                        "target": "div",
                        "toString": [Function],
                        "warnTooManyClasses": [Function],
                        "withComponent": [Function],
                      }
                    }
                    forwardedRef={null}
                  >
                    <div
                      className="c2"
                    >
                      <Quote__Content>
                        <StyledComponent
                          forwardedComponent={
                            Object {
                              "$$typeof": Symbol(react.forward_ref),
                              "attrs": Array [],
                              "componentStyle": ComponentStyle {
                                "componentId": "Quote__Content-sc-1qkoo9x-1",
                                "isStatic": false,
                                "lastClassName": "c3",
                                "rules": Array [
                                  "display:inline-block;width:80%;margin:0 auto;margin-bottom:20px;font-weight:lighter;font-size:25px;@media screen and (max-width:960px){font-size:20px;}@media screen and (max-width:600px){font-size:18px;}",
                                ],
                              },
                              "displayName": "Quote__Content",
                              "foldedComponentIds": Array [],
                              "render": [Function],
                              "styledComponentId": "Quote__Content-sc-1qkoo9x-1",
                              "target": "p",
                              "toString": [Function],
                              "warnTooManyClasses": [Function],
                              "withComponent": [Function],
                            }
                          }
                          forwardedRef={null}
                        >
                          <p
                            className="c3"
                          >
                            <Translate
                              id="Why me: Quote"
                            >
                              <WrappedTranslate
                                context={
                                  Object {
                                    "activeLanguage": undefined,
                                    "addTranslation": [Function],
                                    "addTranslationForLanguage": [Function],
                                    "defaultLanguage": undefined,
                                    "ignoreTranslateChildren": false,
                                    "initialize": [Function],
                                    "languages": Array [],
                                    "renderToStaticMarkup": false,
                                    "setActiveLanguage": [Function],
                                    "translate": [Function],
                                  }
                                }
                                id="Why me: Quote"
                              >
                                Missing translationId: Why me: Quote for language: \${ languageCode }
                              </WrappedTranslate>
                            </Translate>
                          </p>
                        </StyledComponent>
                      </Quote__Content>
                    </div>
                  </StyledComponent>
                </Quote__Container>
              </Quote>
            </div>
          </StyledComponent>
        </WhyMe__Inner>
      </section>
    </StyledComponent>
  </WhyMe__Container>
</WhyMe>
`;
