// Jest Snapshot v1, https://goo.gl/fbAQLP

exports[`Nav Logo should render without throwing an error 1`] = `
<NavLogo__Logo
  href="https://github.com/DeKal/portfolio-next-js"
>
  <NavLogo__LogoText>
    JD
  </NavLogo__LogoText>
</NavLogo__Logo>
`;
