// Jest Snapshot v1, https://goo.gl/fbAQLP

exports[`Blog Post Info Author should render without throwing an error 1`] = `
<div
  className="Author-tf3tr8-0 drhdGS"
/>
`;
