// Jest Snapshot v1, https://goo.gl/fbAQLP

exports[`Blogs PostSummary should render without throwing an error 1`] = `
<Container>
  <Content>
    <Extra
      author="post author"
      avatar="/images/blogs/default-avatar.png"
      minRead="6"
    />
    <Article
      brief="post brief"
      slug="post"
    />
  </Content>
</Container>
`;
