// Jest Snapshot v1, https://goo.gl/fbAQLP

exports[`About should render without throwing an error 1`] = `
<About>
  <About__Section>
    <section
      className="About__Section-sc-1wp1oz6-0 OSnyC"
    >
      <Anchor
        id="About"
        top={-150}
      >
        <span
          className="Anchor-sc-6rgj1q-0 kAqcsG"
          id="About"
        />
      </Anchor>
      <Container
        fluid={false}
      >
        <div
          className="container"
        >
          <About__Card>
            <div
              className="About__Card-sc-1wp1oz6-1 gLfMwY"
            >
              <LocalizedComponent>
                <CardHeader
                  addTranslation={[Function]}
                  addTranslationForLanguage={[Function]}
                  ignoreTranslateChildren={false}
                  initialize={[Function]}
                  languages={Array []}
                  renderToStaticMarkup={false}
                  setActiveLanguage={[Function]}
                  translate={[Function]}
                >
                  <CardHeader__Header>
                    <header
                      className="CardHeader__Header-qscxnh-0 gYYlMW"
                    >
                      <CardHeader__MainText>
                        <h2
                          className="CardHeader__MainText-qscxnh-1 hJuEVu"
                        >
                          <Translate
                            id="About me"
                          >
                            <WrappedTranslate
                              context={
                                Object {
                                  "activeLanguage": undefined,
                                  "addTranslation": [Function],
                                  "addTranslationForLanguage": [Function],
                                  "defaultLanguage": undefined,
                                  "ignoreTranslateChildren": false,
                                  "initialize": [Function],
                                  "languages": Array [],
                                  "renderToStaticMarkup": false,
                                  "setActiveLanguage": [Function],
                                  "translate": [Function],
                                }
                              }
                              id="About me"
                            >
                              Missing translationId: About me for language: \${ languageCode }
                            </WrappedTranslate>
                          </Translate>
                        </h2>
                      </CardHeader__MainText>
                      <CardHeader__SubText>
                        <h4
                          className="CardHeader__SubText-qscxnh-2 gBRNDd"
                        >
                          <Translate
                            id="About Me: Subtext"
                          >
                            <WrappedTranslate
                              context={
                                Object {
                                  "activeLanguage": undefined,
                                  "addTranslation": [Function],
                                  "addTranslationForLanguage": [Function],
                                  "defaultLanguage": undefined,
                                  "ignoreTranslateChildren": false,
                                  "initialize": [Function],
                                  "languages": Array [],
                                  "renderToStaticMarkup": false,
                                  "setActiveLanguage": [Function],
                                  "translate": [Function],
                                }
                              }
                              id="About Me: Subtext"
                            >
                              Missing translationId: About Me: Subtext for language: \${ languageCode }
                            </WrappedTranslate>
                          </Translate>
                        </h4>
                      </CardHeader__SubText>
                    </header>
                  </CardHeader__Header>
                </CardHeader>
              </LocalizedComponent>
              <LocalizedComponent>
                <CardInfo
                  addTranslation={[Function]}
                  addTranslationForLanguage={[Function]}
                  ignoreTranslateChildren={false}
                  initialize={[Function]}
                  languages={Array []}
                  renderToStaticMarkup={false}
                  setActiveLanguage={[Function]}
                  translate={[Function]}
                >
                  <CardInfo__Container>
                    <div
                      className="CardInfo__Container-sc-1r6fj65-0 gwjRYO"
                    >
                      <p>
                        <Translate
                          id="About me: Card Info Verse 1"
                        >
                          <WrappedTranslate
                            context={
                              Object {
                                "activeLanguage": undefined,
                                "addTranslation": [Function],
                                "addTranslationForLanguage": [Function],
                                "defaultLanguage": undefined,
                                "ignoreTranslateChildren": false,
                                "initialize": [Function],
                                "languages": Array [],
                                "renderToStaticMarkup": false,
                                "setActiveLanguage": [Function],
                                "translate": [Function],
                              }
                            }
                            id="About me: Card Info Verse 1"
                          >
                            Missing translationId: About me: Card Info Verse 1 for language: \${ languageCode }
                          </WrappedTranslate>
                        </Translate>
                      </p>
                      <CardInfo__Quote>
                        <blockquote
                          className="CardInfo__Quote-sc-1r6fj65-1 fsoSGG"
                        >
                          <Translate
                            id="About me: Card Info Quote"
                          >
                            <WrappedTranslate
                              context={
                                Object {
                                  "activeLanguage": undefined,
                                  "addTranslation": [Function],
                                  "addTranslationForLanguage": [Function],
                                  "defaultLanguage": undefined,
                                  "ignoreTranslateChildren": false,
                                  "initialize": [Function],
                                  "languages": Array [],
                                  "renderToStaticMarkup": false,
                                  "setActiveLanguage": [Function],
                                  "translate": [Function],
                                }
                              }
                              id="About me: Card Info Quote"
                            >
                              Missing translationId: About me: Card Info Quote for language: \${ languageCode }
                            </WrappedTranslate>
                          </Translate>
                        </blockquote>
                      </CardInfo__Quote>
                      <p>
                        <Translate
                          id="About me: Card Info Verse 2"
                        >
                          <WrappedTranslate
                            context={
                              Object {
                                "activeLanguage": undefined,
                                "addTranslation": [Function],
                                "addTranslationForLanguage": [Function],
                                "defaultLanguage": undefined,
                                "ignoreTranslateChildren": false,
                                "initialize": [Function],
                                "languages": Array [],
                                "renderToStaticMarkup": false,
                                "setActiveLanguage": [Function],
                                "translate": [Function],
                              }
                            }
                            id="About me: Card Info Verse 2"
                          >
                            Missing translationId: About me: Card Info Verse 2 for language: \${ languageCode }
                          </WrappedTranslate>
                        </Translate>
                      </p>
                      <CardInfo__Status>
                        <p
                          className="CardInfo__Status-sc-1r6fj65-2 eKYGrj"
                        >
                          <CardInfo__Bold>
                            <span
                              className="CardInfo__Bold-sc-1r6fj65-3 dYwJPy"
                            >
                              Current Status:
                            </span>
                          </CardInfo__Bold>
                           
                          <Translate
                            id="About me: Current status"
                          >
                            <WrappedTranslate
                              context={
                                Object {
                                  "activeLanguage": undefined,
                                  "addTranslation": [Function],
                                  "addTranslationForLanguage": [Function],
                                  "defaultLanguage": undefined,
                                  "ignoreTranslateChildren": false,
                                  "initialize": [Function],
                                  "languages": Array [],
                                  "renderToStaticMarkup": false,
                                  "setActiveLanguage": [Function],
                                  "translate": [Function],
                                }
                              }
                              id="About me: Current status"
                            >
                              Missing translationId: About me: Current status for language: \${ languageCode }
                            </WrappedTranslate>
                          </Translate>
                        </p>
                      </CardInfo__Status>
                    </div>
                  </CardInfo__Container>
                </CardInfo>
              </LocalizedComponent>
            </div>
          </About__Card>
        </div>
      </Container>
    </section>
  </About__Section>
</About>
`;
