// Jest Snapshot v1, https://goo.gl/fbAQLP

exports[`Footer should render without throwing an error 1`] = `
<Contact>
  <Contact__Wrapper>
    <div
      className="Contact__Wrapper-pivvp1-0 bNBAjy"
    >
      <Anchor
        id="Contacts"
        top={-40}
      >
        <span
          className="Anchor-sc-6rgj1q-0 fUCVuw"
          id="Contacts"
        />
      </Anchor>
      <Container
        fluid={false}
      >
        <div
          className="container"
        >
          <Contact__Card>
            <section
              className="Contact__Card-pivvp1-1 gNBLzb"
            >
              <Header>
                <Header__Container
                  className="contact-card__header"
                >
                  <header
                    className="Header__Container-gphrqw-0 fvoAft contact-card__header"
                  >
                    <h2>
                      <Translate
                        id="Contact: Header 1"
                      >
                        <WrappedTranslate
                          context={
                            Object {
                              "activeLanguage": undefined,
                              "addTranslation": [Function],
                              "addTranslationForLanguage": [Function],
                              "defaultLanguage": undefined,
                              "ignoreTranslateChildren": false,
                              "initialize": [Function],
                              "languages": Array [],
                              "renderToStaticMarkup": false,
                              "setActiveLanguage": [Function],
                              "translate": [Function],
                            }
                          }
                          id="Contact: Header 1"
                        >
                          Missing translationId: Contact: Header 1 for language: \${ languageCode }
                        </WrappedTranslate>
                      </Translate>
                    </h2>
                    <h4>
                      <Translate
                        id="Contact: Header 2"
                      >
                        <WrappedTranslate
                          context={
                            Object {
                              "activeLanguage": undefined,
                              "addTranslation": [Function],
                              "addTranslationForLanguage": [Function],
                              "defaultLanguage": undefined,
                              "ignoreTranslateChildren": false,
                              "initialize": [Function],
                              "languages": Array [],
                              "renderToStaticMarkup": false,
                              "setActiveLanguage": [Function],
                              "translate": [Function],
                            }
                          }
                          id="Contact: Header 2"
                        >
                          Missing translationId: Contact: Header 2 for language: \${ languageCode }
                        </WrappedTranslate>
                      </Translate>
                    </h4>
                  </header>
                </Header__Container>
              </Header>
              <Content>
                <Content__Container>
                  <div
                    className="Content__Container-wo3t79-0 OHnZj"
                  >
                    <Logo>
                      <Logo__Container>
                        <div
                          className="Logo__Container-sc-13alzrj-0 gCjni"
                        >
                          JD
                        </div>
                      </Logo__Container>
                    </Logo>
                    <Content__Group>
                      <div
                        className="Content__Group-wo3t79-1 cxxGGt"
                      >
                        <Description>
                          <Description__Container>
                            <div
                              className="Description__Container-sc-1wo7ggo-0 dvPShc"
                            >
                              <p>
                                <Translate
                                  id="Contact: Description 1"
                                >
                                  <WrappedTranslate
                                    context={
                                      Object {
                                        "activeLanguage": undefined,
                                        "addTranslation": [Function],
                                        "addTranslationForLanguage": [Function],
                                        "defaultLanguage": undefined,
                                        "ignoreTranslateChildren": false,
                                        "initialize": [Function],
                                        "languages": Array [],
                                        "renderToStaticMarkup": false,
                                        "setActiveLanguage": [Function],
                                        "translate": [Function],
                                      }
                                    }
                                    id="Contact: Description 1"
                                  >
                                    Missing translationId: Contact: Description 1 for language: \${ languageCode }
                                  </WrappedTranslate>
                                </Translate>
                              </p>
                              <p>
                                <Translate
                                  id="Contact: Description 2"
                                >
                                  <WrappedTranslate
                                    context={
                                      Object {
                                        "activeLanguage": undefined,
                                        "addTranslation": [Function],
                                        "addTranslationForLanguage": [Function],
                                        "defaultLanguage": undefined,
                                        "ignoreTranslateChildren": false,
                                        "initialize": [Function],
                                        "languages": Array [],
                                        "renderToStaticMarkup": false,
                                        "setActiveLanguage": [Function],
                                        "translate": [Function],
                                      }
                                    }
                                    id="Contact: Description 2"
                                  >
                                    Missing translationId: Contact: Description 2 for language: \${ languageCode }
                                  </WrappedTranslate>
                                </Translate>
                              </p>
                            </div>
                          </Description__Container>
                        </Description>
                        <Info>
                          <Info__Container>
                            <div
                              className="Info__Container-sc-1iekn4a-0 dUOZLD"
                            >
                              <Info__Name>
                                <h4
                                  className="Info__Name-sc-1iekn4a-1 kakJAu"
                                >
                                  <Translate
                                    id="Contact: Info Name"
                                  >
                                    <WrappedTranslate
                                      context={
                                        Object {
                                          "activeLanguage": undefined,
                                          "addTranslation": [Function],
                                          "addTranslationForLanguage": [Function],
                                          "defaultLanguage": undefined,
                                          "ignoreTranslateChildren": false,
                                          "initialize": [Function],
                                          "languages": Array [],
                                          "renderToStaticMarkup": false,
                                          "setActiveLanguage": [Function],
                                          "translate": [Function],
                                        }
                                      }
                                      id="Contact: Info Name"
                                    >
                                      Missing translationId: Contact: Info Name for language: \${ languageCode }
                                    </WrappedTranslate>
                                  </Translate>
                                </h4>
                              </Info__Name>
                              <Info__Role>
                                <div
                                  className="Info__Paragraph-sc-1iekn4a-2 Info__Role-sc-1iekn4a-3 jWIbpD"
                                >
                                  <Translate
                                    id="Contact: Info Role"
                                  >
                                    <WrappedTranslate
                                      context={
                                        Object {
                                          "activeLanguage": undefined,
                                          "addTranslation": [Function],
                                          "addTranslationForLanguage": [Function],
                                          "defaultLanguage": undefined,
                                          "ignoreTranslateChildren": false,
                                          "initialize": [Function],
                                          "languages": Array [],
                                          "renderToStaticMarkup": false,
                                          "setActiveLanguage": [Function],
                                          "translate": [Function],
                                        }
                                      }
                                      id="Contact: Info Role"
                                    >
                                      Missing translationId: Contact: Info Role for language: \${ languageCode }
                                    </WrappedTranslate>
                                  </Translate>
                                </div>
                              </Info__Role>
                              <Info__Location>
                                <div
                                  className="Info__Paragraph-sc-1iekn4a-2 Info__Location-sc-1iekn4a-4 jDZZpf"
                                >
                                  <Info__LocationIcon
                                    name="location"
                                  >
                                    <Icon
                                      className="Info__LocationIcon-sc-1iekn4a-11 kNqHud"
                                      name="location"
                                    >
                                      <Icon__Symbol
                                        className="Info__LocationIcon-sc-1iekn4a-11 kNqHud"
                                        name="location"
                                      >
                                        <div
                                          className="Icon__Symbol-lmunz5-0 hMIEEQ Info__LocationIcon-sc-1iekn4a-11 kNqHud"
                                          name="location"
                                        />
                                      </Icon__Symbol>
                                    </Icon>
                                  </Info__LocationIcon>
                                  <Info__Underline
                                    href="#map"
                                  >
                                    <a
                                      className="Info__Underline-sc-1iekn4a-10 iAHMdH"
                                      href="#map"
                                    >
                                      <Info__Country>
                                        <span
                                          className="Info__Inline-sc-1iekn4a-7 Info__Country-sc-1iekn4a-8 fFHDdn"
                                        >
                                          <Translate
                                            id="Contact: Info Country"
                                          >
                                            <WrappedTranslate
                                              context={
                                                Object {
                                                  "activeLanguage": undefined,
                                                  "addTranslation": [Function],
                                                  "addTranslationForLanguage": [Function],
                                                  "defaultLanguage": undefined,
                                                  "ignoreTranslateChildren": false,
                                                  "initialize": [Function],
                                                  "languages": Array [],
                                                  "renderToStaticMarkup": false,
                                                  "setActiveLanguage": [Function],
                                                  "translate": [Function],
                                                }
                                              }
                                              id="Contact: Info Country"
                                            >
                                              Missing translationId: Contact: Info Country for language: \${ languageCode }
                                            </WrappedTranslate>
                                          </Translate>
                                        </span>
                                      </Info__Country>
                                      , 
                                      <Info__Address>
                                        <span
                                          className="Info__Inline-sc-1iekn4a-7 Info__Address-sc-1iekn4a-9 fwjGYe"
                                        >
                                          <Translate
                                            id="Contact: Info Dist"
                                          >
                                            <WrappedTranslate
                                              context={
                                                Object {
                                                  "activeLanguage": undefined,
                                                  "addTranslation": [Function],
                                                  "addTranslationForLanguage": [Function],
                                                  "defaultLanguage": undefined,
                                                  "ignoreTranslateChildren": false,
                                                  "initialize": [Function],
                                                  "languages": Array [],
                                                  "renderToStaticMarkup": false,
                                                  "setActiveLanguage": [Function],
                                                  "translate": [Function],
                                                }
                                              }
                                              id="Contact: Info Dist"
                                            >
                                              Missing translationId: Contact: Info Dist for language: \${ languageCode }
                                            </WrappedTranslate>
                                          </Translate>
                                        </span>
                                      </Info__Address>
                                    </a>
                                  </Info__Underline>
                                </div>
                              </Info__Location>
                              <Info__Email>
                                <div
                                  className="Info__Paragraph-sc-1iekn4a-2 Info__Email-sc-1iekn4a-5 kijFYz"
                                >
                                  <Info__EmailIcon
                                    name="mail"
                                  >
                                    <Icon
                                      className="Info__EmailIcon-sc-1iekn4a-12 hQoFNj"
                                      name="mail"
                                    >
                                      <Icon__Symbol
                                        className="Info__EmailIcon-sc-1iekn4a-12 hQoFNj"
                                        name="mail"
                                      >
                                        <div
                                          className="Icon__Symbol-lmunz5-0 hgCFKC Info__EmailIcon-sc-1iekn4a-12 hQoFNj"
                                          name="mail"
                                        />
                                      </Icon__Symbol>
                                    </Icon>
                                  </Info__EmailIcon>
                                  <Info__Underline>
                                    <a
                                      className="Info__Underline-sc-1iekn4a-10 iAHMdH"
                                    >
                                      hohuuphat22@gmail.com
                                    </a>
                                  </Info__Underline>
                                </div>
                              </Info__Email>
                              <Info__Phone>
                                <div
                                  className="Info__Paragraph-sc-1iekn4a-2 Info__Phone-sc-1iekn4a-6 gYChja"
                                >
                                  <Info__PhoneIcon
                                    name="phone"
                                  >
                                    <Icon
                                      className="Info__PhoneIcon-sc-1iekn4a-13 dwppIP"
                                      name="phone"
                                    >
                                      <Icon__Symbol
                                        className="Info__PhoneIcon-sc-1iekn4a-13 dwppIP"
                                        name="phone"
                                      >
                                        <div
                                          className="Icon__Symbol-lmunz5-0 eobYtY Info__PhoneIcon-sc-1iekn4a-13 dwppIP"
                                          name="phone"
                                        />
                                      </Icon__Symbol>
                                    </Icon>
                                  </Info__PhoneIcon>
                                  <Info__Underline>
                                    <a
                                      className="Info__Underline-sc-1iekn4a-10 iAHMdH"
                                    >
                                      +84 906323761
                                    </a>
                                  </Info__Underline>
                                </div>
                              </Info__Phone>
                            </div>
                          </Info__Container>
                        </Info>
                        <Socials>
                          <Socials__Container>
                            <ul
                              className="Socials__Container-sc-4xm7j6-0 gDDbeM"
                            >
                              <Socials__Item
                                data-test-id="socials-fb-link"
                                onClick={[Function]}
                              >
                                <li
                                  className="Socials__Item-sc-4xm7j6-1 enKvSp"
                                  data-test-id="socials-fb-link"
                                  onClick={[Function]}
                                >
                                  <Socials__IconWrapper
                                    name="fb"
                                  >
                                    <Icon
                                      className="Socials__IconWrapper-sc-4xm7j6-2 ikWiiM"
                                      name="fb"
                                    >
                                      <Icon__Symbol
                                        className="Socials__IconWrapper-sc-4xm7j6-2 ikWiiM"
                                        name="fb"
                                      >
                                        <div
                                          className="Icon__Symbol-lmunz5-0 kGBQMM Socials__IconWrapper-sc-4xm7j6-2 ikWiiM"
                                          name="fb"
                                        />
                                      </Icon__Symbol>
                                    </Icon>
                                  </Socials__IconWrapper>
                                </li>
                              </Socials__Item>
                              <Socials__Item
                                data-test-id="socials-linkedin-link"
                                onClick={[Function]}
                              >
                                <li
                                  className="Socials__Item-sc-4xm7j6-1 enKvSp"
                                  data-test-id="socials-linkedin-link"
                                  onClick={[Function]}
                                >
                                  <Socials__IconWrapper
                                    name="linkedin"
                                  >
                                    <Icon
                                      className="Socials__IconWrapper-sc-4xm7j6-2 ikWiiM"
                                      name="linkedin"
                                    >
                                      <Icon__Symbol
                                        className="Socials__IconWrapper-sc-4xm7j6-2 ikWiiM"
                                        name="linkedin"
                                      >
                                        <div
                                          className="Icon__Symbol-lmunz5-0 lbXhrE Socials__IconWrapper-sc-4xm7j6-2 ikWiiM"
                                          name="linkedin"
                                        />
                                      </Icon__Symbol>
                                    </Icon>
                                  </Socials__IconWrapper>
                                </li>
                              </Socials__Item>
                            </ul>
                          </Socials__Container>
                        </Socials>
                      </div>
                    </Content__Group>
                  </div>
                </Content__Container>
              </Content>
            </section>
          </Contact__Card>
        </div>
      </Container>
      <Map>
        <Map__Container
          id="map"
        >
          <div
            className="Map__Container-sc-1653heo-0 fTA-DEG"
            id="map"
          />
        </Map__Container>
      </Map>
    </div>
  </Contact__Wrapper>
</Contact>
`;
