// Jest Snapshot v1, https://goo.gl/fbAQLP

exports[`Blog Post Info Container should render without throwing an error 1`] = `
<ForwardRef
  className="Container-sc-1gx8yd5-0 kcsliJ"
  noGutters={false}
/>
`;
