// Jest Snapshot v1, https://goo.gl/fbAQLP

exports[`Blog Post Info SubInfo should render without throwing an error 1`] = `
<div
  className="SubInfo-sc-1tjw0p6-0 ilArqJ"
/>
`;
