// Jest Snapshot v1, https://goo.gl/fbAQLP

exports[`Certification should render without throwing an error 1`] = `
<Certification>
  <Container>
    <Container__Style>
      <section
        className="Container__Style-ls6jfm-0 uma-dL"
      >
        <Anchor
          id="Certifications"
          top={-40}
        >
          <span
            className="Anchor-sc-31ub0h-0 jpfRVs"
            id="Certifications"
          />
        </Anchor>
        <Container
          fluid={false}
        >
          <div
            className="container"
          >
            <Header>
              <Header__Container>
                <header
                  className="Header__Container-co5usi-0 iZmIyc"
                >
                  <h2>
                    <Translate
                      id="Certifications and Prizes"
                    >
                      <WrappedTranslate
                        context={
                          Object {
                            "activeLanguage": undefined,
                            "addTranslation": [Function],
                            "addTranslationForLanguage": [Function],
                            "defaultLanguage": undefined,
                            "ignoreTranslateChildren": false,
                            "initialize": [Function],
                            "languages": Array [],
                            "renderToStaticMarkup": false,
                            "setActiveLanguage": [Function],
                            "translate": [Function],
                          }
                        }
                        id="Certifications and Prizes"
                      >
                        Missing translationId: Certifications and Prizes for language: \${ languageCode }
                      </WrappedTranslate>
                    </Translate>
                  </h2>
                </header>
              </Header__Container>
            </Header>
            <Certification__List>
              <ul
                className="Certification__List-sc-1xpv3w4-0 cOulMz"
              >
                <ForwardRef
                  noGutters={false}
                >
                  <div
                    className="row"
                  >
                    <CertItem
                      id={1}
                      itemSelected={1}
                      key="0"
                      name="c"
                      setSelectedItem={[Function]}
                    >
                      <Col
                        sm={3}
                        xs={3}
                      >
                        <div
                          className="col-sm-3 col-3"
                        >
                          <Item
                            data-test-id="cert-item"
                            id={1}
                            onClick={[Function]}
                          >
                            <li
                              className="Item-sc-1ll32oh-0 fRRsPd"
                              data-test-id="cert-item"
                              id={1}
                              onClick={[Function]}
                            >
                              <CertIcon
                                id={1}
                                itemSelected={1}
                                name="c"
                              >
                                <CertIcon__ActiveIcon
                                  name="c"
                                >
                                  <Icon
                                    className="CertIcon__ItemIcon-sc-108qrf2-0 CertIcon__ActiveIcon-sc-108qrf2-2 hHkNmV"
                                    name="c"
                                  >
                                    <Icon__Symbol
                                      className="CertIcon__ItemIcon-sc-108qrf2-0 CertIcon__ActiveIcon-sc-108qrf2-2 hHkNmV"
                                      name="c"
                                    >
                                      <div
                                        className="Icon__Symbol-sc-1aleqew-0 hpCvWE CertIcon__ItemIcon-sc-108qrf2-0 CertIcon__ActiveIcon-sc-108qrf2-2 hHkNmV"
                                        name="c"
                                      />
                                    </Icon__Symbol>
                                  </Icon>
                                </CertIcon__ActiveIcon>
                              </CertIcon>
                            </li>
                          </Item>
                        </div>
                      </Col>
                    </CertItem>
                    <CertItem
                      id={2}
                      itemSelected={1}
                      key="1"
                      name="c"
                      setSelectedItem={[Function]}
                    >
                      <Col
                        sm={3}
                        xs={3}
                      >
                        <div
                          className="col-sm-3 col-3"
                        >
                          <Item
                            data-test-id="cert-item"
                            id={2}
                            onClick={[Function]}
                          >
                            <li
                              className="Item-sc-1ll32oh-0 fRRsPd"
                              data-test-id="cert-item"
                              id={2}
                              onClick={[Function]}
                            >
                              <CertIcon
                                id={2}
                                itemSelected={1}
                                name="c"
                              >
                                <CertIcon__InactiveIcon
                                  name="c"
                                >
                                  <Icon
                                    className="CertIcon__ItemIcon-sc-108qrf2-0 CertIcon__InactiveIcon-sc-108qrf2-1 ldwMYk"
                                    name="c"
                                  >
                                    <Icon__Symbol
                                      className="CertIcon__ItemIcon-sc-108qrf2-0 CertIcon__InactiveIcon-sc-108qrf2-1 ldwMYk"
                                      name="c"
                                    >
                                      <div
                                        className="Icon__Symbol-sc-1aleqew-0 hpCvWE CertIcon__ItemIcon-sc-108qrf2-0 CertIcon__InactiveIcon-sc-108qrf2-1 ldwMYk"
                                        name="c"
                                      />
                                    </Icon__Symbol>
                                  </Icon>
                                </CertIcon__InactiveIcon>
                              </CertIcon>
                            </li>
                          </Item>
                        </div>
                      </Col>
                    </CertItem>
                    <CertItem
                      id={3}
                      itemSelected={1}
                      key="2"
                      name="p"
                      setSelectedItem={[Function]}
                    >
                      <Col
                        sm={3}
                        xs={3}
                      >
                        <div
                          className="col-sm-3 col-3"
                        >
                          <Item
                            data-test-id="cert-item"
                            id={3}
                            onClick={[Function]}
                          >
                            <li
                              className="Item-sc-1ll32oh-0 fRRsPd"
                              data-test-id="cert-item"
                              id={3}
                              onClick={[Function]}
                            >
                              <CertIcon
                                id={3}
                                itemSelected={1}
                                name="p"
                              >
                                <CertIcon__InactiveIcon
                                  name="p"
                                >
                                  <Icon
                                    className="CertIcon__ItemIcon-sc-108qrf2-0 CertIcon__InactiveIcon-sc-108qrf2-1 ldwMYk"
                                    name="p"
                                  >
                                    <Icon__Symbol
                                      className="CertIcon__ItemIcon-sc-108qrf2-0 CertIcon__InactiveIcon-sc-108qrf2-1 ldwMYk"
                                      name="p"
                                    >
                                      <div
                                        className="Icon__Symbol-sc-1aleqew-0 iHgKSR CertIcon__ItemIcon-sc-108qrf2-0 CertIcon__InactiveIcon-sc-108qrf2-1 ldwMYk"
                                        name="p"
                                      />
                                    </Icon__Symbol>
                                  </Icon>
                                </CertIcon__InactiveIcon>
                              </CertIcon>
                            </li>
                          </Item>
                        </div>
                      </Col>
                    </CertItem>
                    <CertItem
                      id={4}
                      itemSelected={1}
                      key="3"
                      name="p"
                      setSelectedItem={[Function]}
                    >
                      <Col
                        sm={3}
                        xs={3}
                      >
                        <div
                          className="col-sm-3 col-3"
                        >
                          <Item
                            data-test-id="cert-item"
                            id={4}
                            onClick={[Function]}
                          >
                            <li
                              className="Item-sc-1ll32oh-0 fRRsPd"
                              data-test-id="cert-item"
                              id={4}
                              onClick={[Function]}
                            >
                              <CertIcon
                                id={4}
                                itemSelected={1}
                                name="p"
                              >
                                <CertIcon__InactiveIcon
                                  name="p"
                                >
                                  <Icon
                                    className="CertIcon__ItemIcon-sc-108qrf2-0 CertIcon__InactiveIcon-sc-108qrf2-1 ldwMYk"
                                    name="p"
                                  >
                                    <Icon__Symbol
                                      className="CertIcon__ItemIcon-sc-108qrf2-0 CertIcon__InactiveIcon-sc-108qrf2-1 ldwMYk"
                                      name="p"
                                    >
                                      <div
                                        className="Icon__Symbol-sc-1aleqew-0 iHgKSR CertIcon__ItemIcon-sc-108qrf2-0 CertIcon__InactiveIcon-sc-108qrf2-1 ldwMYk"
                                        name="p"
                                      />
                                    </Icon__Symbol>
                                  </Icon>
                                </CertIcon__InactiveIcon>
                              </CertIcon>
                            </li>
                          </Item>
                        </div>
                      </Col>
                    </CertItem>
                  </div>
                </ForwardRef>
                <ForwardRef
                  noGutters={false}
                >
                  <div
                    className="row"
                  >
                    <CertInfo
                      content="CertContentBachelor"
                      id={1}
                      itemSelected={1}
                      key="0"
                      title="CertBachelor"
                    >
                      <CertInfo__ShowOnSelectedCol
                        id={1}
                        itemselected={1}
                        sm={12}
                        xs={12}
                      >
                        <Col
                          className="CertInfo__ShowOnSelectedCol-sc-18lbdoe-1 hknarL"
                          id={1}
                          itemselected={1}
                          sm={12}
                          xs={12}
                        >
                          <div
                            className="CertInfo__ShowOnSelectedCol-sc-18lbdoe-1 hknarL col-sm-12 col-12"
                            id={1}
                            itemselected={1}
                          >
                            <CertInfo__ListInfo
                              id={1}
                            >
                              <li
                                className="Info-aqdcyj-0 CertInfo__ListInfo-sc-18lbdoe-0 gmFgkg"
                                id={1}
                              >
                                <Title>
                                  <h3
                                    className="Title-sc-1j54hu2-0 eOpkiM"
                                  >
                                    <span>
                                      1
                                    </span>
                                     — 
                                    <Translate
                                      id="CertBachelor"
                                    >
                                      <WrappedTranslate
                                        context={
                                          Object {
                                            "activeLanguage": undefined,
                                            "addTranslation": [Function],
                                            "addTranslationForLanguage": [Function],
                                            "defaultLanguage": undefined,
                                            "ignoreTranslateChildren": false,
                                            "initialize": [Function],
                                            "languages": Array [],
                                            "renderToStaticMarkup": false,
                                            "setActiveLanguage": [Function],
                                            "translate": [Function],
                                          }
                                        }
                                        id="CertBachelor"
                                      >
                                        Missing translationId: CertBachelor for language: \${ languageCode }
                                      </WrappedTranslate>
                                    </Translate>
                                  </h3>
                                </Title>
                                <p>
                                  <Translate
                                    id="CertContentBachelor"
                                  >
                                    <WrappedTranslate
                                      context={
                                        Object {
                                          "activeLanguage": undefined,
                                          "addTranslation": [Function],
                                          "addTranslationForLanguage": [Function],
                                          "defaultLanguage": undefined,
                                          "ignoreTranslateChildren": false,
                                          "initialize": [Function],
                                          "languages": Array [],
                                          "renderToStaticMarkup": false,
                                          "setActiveLanguage": [Function],
                                          "translate": [Function],
                                        }
                                      }
                                      id="CertContentBachelor"
                                    >
                                      Missing translationId: CertContentBachelor for language: \${ languageCode }
                                    </WrappedTranslate>
                                  </Translate>
                                </p>
                              </li>
                            </CertInfo__ListInfo>
                          </div>
                        </Col>
                      </CertInfo__ShowOnSelectedCol>
                    </CertInfo>
                    <CertInfo
                      content="CertContentComm"
                      id={2}
                      itemSelected={1}
                      key="1"
                      title="CertCom"
                    >
                      <CertInfo__ShowOnSelectedCol
                        id={2}
                        itemselected={1}
                        sm={12}
                        xs={12}
                      >
                        <Col
                          className="CertInfo__ShowOnSelectedCol-sc-18lbdoe-1 iejhAg"
                          id={2}
                          itemselected={1}
                          sm={12}
                          xs={12}
                        >
                          <div
                            className="CertInfo__ShowOnSelectedCol-sc-18lbdoe-1 iejhAg col-sm-12 col-12"
                            id={2}
                            itemselected={1}
                          >
                            <CertInfo__ListInfo
                              id={2}
                            >
                              <li
                                className="Info-aqdcyj-0 CertInfo__ListInfo-sc-18lbdoe-0 lpsXPs"
                                id={2}
                              >
                                <Title>
                                  <h3
                                    className="Title-sc-1j54hu2-0 eOpkiM"
                                  >
                                    <span>
                                      2
                                    </span>
                                     — 
                                    <Translate
                                      id="CertCom"
                                    >
                                      <WrappedTranslate
                                        context={
                                          Object {
                                            "activeLanguage": undefined,
                                            "addTranslation": [Function],
                                            "addTranslationForLanguage": [Function],
                                            "defaultLanguage": undefined,
                                            "ignoreTranslateChildren": false,
                                            "initialize": [Function],
                                            "languages": Array [],
                                            "renderToStaticMarkup": false,
                                            "setActiveLanguage": [Function],
                                            "translate": [Function],
                                          }
                                        }
                                        id="CertCom"
                                      >
                                        Missing translationId: CertCom for language: \${ languageCode }
                                      </WrappedTranslate>
                                    </Translate>
                                  </h3>
                                </Title>
                                <p>
                                  <Translate
                                    id="CertContentComm"
                                  >
                                    <WrappedTranslate
                                      context={
                                        Object {
                                          "activeLanguage": undefined,
                                          "addTranslation": [Function],
                                          "addTranslationForLanguage": [Function],
                                          "defaultLanguage": undefined,
                                          "ignoreTranslateChildren": false,
                                          "initialize": [Function],
                                          "languages": Array [],
                                          "renderToStaticMarkup": false,
                                          "setActiveLanguage": [Function],
                                          "translate": [Function],
                                        }
                                      }
                                      id="CertContentComm"
                                    >
                                      Missing translationId: CertContentComm for language: \${ languageCode }
                                    </WrappedTranslate>
                                  </Translate>
                                </p>
                              </li>
                            </CertInfo__ListInfo>
                          </div>
                        </Col>
                      </CertInfo__ShowOnSelectedCol>
                    </CertInfo>
                    <CertInfo
                      content="CertContentSPrize"
                      id={3}
                      itemSelected={1}
                      key="2"
                      title="CertSPrize"
                    >
                      <CertInfo__ShowOnSelectedCol
                        id={3}
                        itemselected={1}
                        sm={12}
                        xs={12}
                      >
                        <Col
                          className="CertInfo__ShowOnSelectedCol-sc-18lbdoe-1 iejhAg"
                          id={3}
                          itemselected={1}
                          sm={12}
                          xs={12}
                        >
                          <div
                            className="CertInfo__ShowOnSelectedCol-sc-18lbdoe-1 iejhAg col-sm-12 col-12"
                            id={3}
                            itemselected={1}
                          >
                            <CertInfo__ListInfo
                              id={3}
                            >
                              <li
                                className="Info-aqdcyj-0 CertInfo__ListInfo-sc-18lbdoe-0 iyVgty"
                                id={3}
                              >
                                <Title>
                                  <h3
                                    className="Title-sc-1j54hu2-0 eOpkiM"
                                  >
                                    <span>
                                      3
                                    </span>
                                     — 
                                    <Translate
                                      id="CertSPrize"
                                    >
                                      <WrappedTranslate
                                        context={
                                          Object {
                                            "activeLanguage": undefined,
                                            "addTranslation": [Function],
                                            "addTranslationForLanguage": [Function],
                                            "defaultLanguage": undefined,
                                            "ignoreTranslateChildren": false,
                                            "initialize": [Function],
                                            "languages": Array [],
                                            "renderToStaticMarkup": false,
                                            "setActiveLanguage": [Function],
                                            "translate": [Function],
                                          }
                                        }
                                        id="CertSPrize"
                                      >
                                        Missing translationId: CertSPrize for language: \${ languageCode }
                                      </WrappedTranslate>
                                    </Translate>
                                  </h3>
                                </Title>
                                <p>
                                  <Translate
                                    id="CertContentSPrize"
                                  >
                                    <WrappedTranslate
                                      context={
                                        Object {
                                          "activeLanguage": undefined,
                                          "addTranslation": [Function],
                                          "addTranslationForLanguage": [Function],
                                          "defaultLanguage": undefined,
                                          "ignoreTranslateChildren": false,
                                          "initialize": [Function],
                                          "languages": Array [],
                                          "renderToStaticMarkup": false,
                                          "setActiveLanguage": [Function],
                                          "translate": [Function],
                                        }
                                      }
                                      id="CertContentSPrize"
                                    >
                                      Missing translationId: CertContentSPrize for language: \${ languageCode }
                                    </WrappedTranslate>
                                  </Translate>
                                </p>
                              </li>
                            </CertInfo__ListInfo>
                          </div>
                        </Col>
                      </CertInfo__ShowOnSelectedCol>
                    </CertInfo>
                    <CertInfo
                      content="CertContentFPrize"
                      id={4}
                      itemSelected={1}
                      key="3"
                      title="CertFPrize"
                    >
                      <CertInfo__ShowOnSelectedCol
                        id={4}
                        itemselected={1}
                        sm={12}
                        xs={12}
                      >
                        <Col
                          className="CertInfo__ShowOnSelectedCol-sc-18lbdoe-1 iejhAg"
                          id={4}
                          itemselected={1}
                          sm={12}
                          xs={12}
                        >
                          <div
                            className="CertInfo__ShowOnSelectedCol-sc-18lbdoe-1 iejhAg col-sm-12 col-12"
                            id={4}
                            itemselected={1}
                          >
                            <CertInfo__ListInfo
                              id={4}
                            >
                              <li
                                className="Info-aqdcyj-0 CertInfo__ListInfo-sc-18lbdoe-0 cmnozO"
                                id={4}
                              >
                                <Title>
                                  <h3
                                    className="Title-sc-1j54hu2-0 eOpkiM"
                                  >
                                    <span>
                                      4
                                    </span>
                                     — 
                                    <Translate
                                      id="CertFPrize"
                                    >
                                      <WrappedTranslate
                                        context={
                                          Object {
                                            "activeLanguage": undefined,
                                            "addTranslation": [Function],
                                            "addTranslationForLanguage": [Function],
                                            "defaultLanguage": undefined,
                                            "ignoreTranslateChildren": false,
                                            "initialize": [Function],
                                            "languages": Array [],
                                            "renderToStaticMarkup": false,
                                            "setActiveLanguage": [Function],
                                            "translate": [Function],
                                          }
                                        }
                                        id="CertFPrize"
                                      >
                                        Missing translationId: CertFPrize for language: \${ languageCode }
                                      </WrappedTranslate>
                                    </Translate>
                                  </h3>
                                </Title>
                                <p>
                                  <Translate
                                    id="CertContentFPrize"
                                  >
                                    <WrappedTranslate
                                      context={
                                        Object {
                                          "activeLanguage": undefined,
                                          "addTranslation": [Function],
                                          "addTranslationForLanguage": [Function],
                                          "defaultLanguage": undefined,
                                          "ignoreTranslateChildren": false,
                                          "initialize": [Function],
                                          "languages": Array [],
                                          "renderToStaticMarkup": false,
                                          "setActiveLanguage": [Function],
                                          "translate": [Function],
                                        }
                                      }
                                      id="CertContentFPrize"
                                    >
                                      Missing translationId: CertContentFPrize for language: \${ languageCode }
                                    </WrappedTranslate>
                                  </Translate>
                                </p>
                              </li>
                            </CertInfo__ListInfo>
                          </div>
                        </Col>
                      </CertInfo__ShowOnSelectedCol>
                    </CertInfo>
                  </div>
                </ForwardRef>
              </ul>
            </Certification__List>
          </div>
        </Container>
      </section>
    </Container__Style>
  </Container>
</Certification>
`;
