// Jest Snapshot v1, https://goo.gl/fbAQLP

exports[`Project should render without throwing an error 1`] = `
<Project>
  <Container__StyleContainer>
    <Container
      className="Container__StyleContainer-sc-1lxo144-0 VmhQa"
    >
      <Container__Style
        className="Container__StyleContainer-sc-1lxo144-0 VmhQa"
      >
        <section
          className="Container__Style-sc-3utn0w-0 fovYsq Container__StyleContainer-sc-1lxo144-0 VmhQa"
        >
          <Anchor
            id="Projects"
            top={-125}
          >
            <span
              className="Anchor-sc-1axmo0z-0 fyFXXM"
              id="Projects"
            />
          </Anchor>
          <Header>
            <Header__Container>
              <header
                className="Header__Container-hz47ou-0 dxCyVk"
              >
                <h2>
                  <Translate
                    id="Project: Title"
                  >
                    <WrappedTranslate
                      context={
                        Object {
                          "activeLanguage": undefined,
                          "addTranslation": [Function],
                          "addTranslationForLanguage": [Function],
                          "defaultLanguage": undefined,
                          "ignoreTranslateChildren": false,
                          "initialize": [Function],
                          "languages": Array [],
                          "renderToStaticMarkup": false,
                          "setActiveLanguage": [Function],
                          "translate": [Function],
                        }
                      }
                      id="Project: Title"
                    >
                      Missing translationId: Project: Title for language: \${ languageCode }
                    </WrappedTranslate>
                  </Translate>
                </h2>
                <h4>
                  <Translate
                    id="Project: SubTitle"
                  >
                    <WrappedTranslate
                      context={
                        Object {
                          "activeLanguage": undefined,
                          "addTranslation": [Function],
                          "addTranslationForLanguage": [Function],
                          "defaultLanguage": undefined,
                          "ignoreTranslateChildren": false,
                          "initialize": [Function],
                          "languages": Array [],
                          "renderToStaticMarkup": false,
                          "setActiveLanguage": [Function],
                          "translate": [Function],
                        }
                      }
                      id="Project: SubTitle"
                    >
                      Missing translationId: Project: SubTitle for language: \${ languageCode }
                    </WrappedTranslate>
                  </Translate>
                </h4>
              </header>
            </Header__Container>
          </Header>
          <Content>
            <Content__NoPaddingContainer>
              <Container
                className="Content__NoPaddingContainer-sc-1sx6qta-0 jOFAtT"
                fluid={false}
              >
                <div
                  className="Content__NoPaddingContainer-sc-1sx6qta-0 jOFAtT container"
                >
                  <Gallery
                    direction="row"
                    margin={2}
                    photos={
                      Array [
                        Object {
                          "height": 4,
                          "src": "/images/projects/zalora.webp",
                          "title": "Zalora Lite",
                          "width": 2,
                        },
                        Object {
                          "height": 4,
                          "src": "/images/projects/popswap.webp",
                          "title": "Popswap",
                          "width": 2,
                        },
                        Object {
                          "height": 4,
                          "src": "/images/projects/bootcareer.webp",
                          "title": "Bootcareer Jobseeker",
                          "width": 7,
                        },
                        Object {
                          "height": 5,
                          "src": "/images/projects/brand360.webp",
                          "title": "Brand360 project",
                          "width": 6,
                        },
                        Object {
                          "height": 2,
                          "src": "/images/projects/taman.webp",
                          "title": "Tam An Web",
                          "width": 3,
                        },
                        Object {
                          "height": 6,
                          "src": "/images/projects/2048.webp",
                          "title": "2048 Fun Games",
                          "width": 6,
                        },
                      ]
                    }
                    renderImage={[Function]}
                    targetRowHeight={300}
                  >
                    <div>
                      Â 
                    </div>
                  </Gallery>
                  <ModalGateway
                    target={<body />}
                  >
                    <Portal
                      containerInfo={<body />}
                    >
                      <TransitionGroup
                        childFactory={[Function]}
                        component={[Function]}
                      >
                        <FirstChild />
                      </TransitionGroup>
                    </Portal>
                  </ModalGateway>
                </div>
              </Container>
            </Content__NoPaddingContainer>
          </Content>
        </section>
      </Container__Style>
    </Container>
  </Container__StyleContainer>
</Project>
`;
