// Jest Snapshot v1, https://goo.gl/fbAQLP

exports[`Post Navbar should render without throwing an error 1`] = `
<Fragment>
  <Navbar
    bg="light"
    collapseOnSelect={false}
    expand={true}
    variant="light"
  >
    <Container
      fluid={false}
    >
      <NavLogo
        image="/images/logo.png"
        redirectLink="/blogs"
      />
      <Nav
        className="mr-auto"
        fill={false}
        justify={false}
      >
        <NavItem
          href="/"
          key="Home"
        >
          <Translate
            id="Home"
          />
        </NavItem>
        <NavItem
          href="/blogs"
          key="Blogs"
        >
          <Translate
            id="Blogs"
          />
        </NavItem>
      </Nav>
      <Search />
    </Container>
  </Navbar>
</Fragment>
`;
