// Jest Snapshot v1, https://goo.gl/fbAQLP

exports[`Navbar should render without throwing an error 1`] = `
<Navbar>
  <Navbar__MainHeader>
    <header
      className="Navbar__MainHeader-sc-1rtp5dg-0 bAunyK"
    >
      <NavHeader
        isShowNavContent={false}
        switchNav={[Function]}
      >
        <NavHeader__NavContainer>
          <div
            className="NavHeader__NavContainer-sc-160hfd6-0 dvGvst"
          >
            <MobileContainer>
              <Container
                className="MobileContainer-sc-1lm99xs-0 grSHFn"
                fluid={false}
              >
                <div
                  className="MobileContainer-sc-1lm99xs-0 grSHFn container"
                >
                  <ForwardRef
                    fluid="true"
                    noGutters={false}
                  >
                    <div
                      className="row"
                      fluid="true"
                    >
                      <Col
                        xs={6}
                      >
                        <div
                          className="col-6"
                        >
                          <NavLang>
                            <NavLang__NotSelectableDiv>
                              <nav
                                className="NavLang__NotSelectableDiv-sc-17yrsle-0 HuDtT"
                              >
                                <ul>
                                  <NavLang__NavLinkItem>
                                    <li
                                      className="NavLang__NavLinkItem-sc-17yrsle-1 bklgoh"
                                    >
                                      <LocalizedComponent
                                        lang="en"
                                        selectedLang="en"
                                        setSelectedLang={[Function]}
                                      >
                                        <NavLink
                                          addTranslation={[Function]}
                                          addTranslationForLanguage={[Function]}
                                          ignoreTranslateChildren={false}
                                          initialize={[Function]}
                                          lang="en"
                                          languages={Array []}
                                          renderToStaticMarkup={false}
                                          selectedLang="en"
                                          setActiveLanguage={[Function]}
                                          setSelectedLang={[Function]}
                                          translate={[Function]}
                                        >
                                          <NavLink__Container
                                            isSelected={true}
                                            onClick={[Function]}
                                          >
                                            <a
                                              className="NavLink__Container-sc-1ptvs3q-0 jsFbwt"
                                              onClick={[Function]}
                                            >
                                              <Translate
                                                id="english"
                                              >
                                                <WrappedTranslate
                                                  context={
                                                    Object {
                                                      "activeLanguage": undefined,
                                                      "addTranslation": [Function],
                                                      "addTranslationForLanguage": [Function],
                                                      "defaultLanguage": undefined,
                                                      "ignoreTranslateChildren": false,
                                                      "initialize": [Function],
                                                      "languages": Array [],
                                                      "renderToStaticMarkup": false,
                                                      "setActiveLanguage": [Function],
                                                      "translate": [Function],
                                                    }
                                                  }
                                                  id="english"
                                                >
                                                  Missing translationId: english for language: \${ languageCode }
                                                </WrappedTranslate>
                                              </Translate>
                                            </a>
                                          </NavLink__Container>
                                        </NavLink>
                                      </LocalizedComponent>
                                      <NavLang__InlineBlock>
                                        <div
                                          className="NavLang__InlineBlock-sc-17yrsle-2 cOuZXI"
                                        >
                                          /
                                        </div>
                                      </NavLang__InlineBlock>
                                      <LocalizedComponent
                                        lang="vn"
                                        selectedLang="en"
                                        setSelectedLang={[Function]}
                                      >
                                        <NavLink
                                          addTranslation={[Function]}
                                          addTranslationForLanguage={[Function]}
                                          ignoreTranslateChildren={false}
                                          initialize={[Function]}
                                          lang="vn"
                                          languages={Array []}
                                          renderToStaticMarkup={false}
                                          selectedLang="en"
                                          setActiveLanguage={[Function]}
                                          setSelectedLang={[Function]}
                                          translate={[Function]}
                                        >
                                          <NavLink__Container
                                            isSelected={false}
                                            onClick={[Function]}
                                          >
                                            <a
                                              className="NavLink__Container-sc-1ptvs3q-0 jRokRc"
                                              onClick={[Function]}
                                            >
                                              <Translate
                                                id="vietnamese"
                                              >
                                                <WrappedTranslate
                                                  context={
                                                    Object {
                                                      "activeLanguage": undefined,
                                                      "addTranslation": [Function],
                                                      "addTranslationForLanguage": [Function],
                                                      "defaultLanguage": undefined,
                                                      "ignoreTranslateChildren": false,
                                                      "initialize": [Function],
                                                      "languages": Array [],
                                                      "renderToStaticMarkup": false,
                                                      "setActiveLanguage": [Function],
                                                      "translate": [Function],
                                                    }
                                                  }
                                                  id="vietnamese"
                                                >
                                                  Missing translationId: vietnamese for language: \${ languageCode }
                                                </WrappedTranslate>
                                              </Translate>
                                            </a>
                                          </NavLink__Container>
                                        </NavLink>
                                      </LocalizedComponent>
                                    </li>
                                  </NavLang__NavLinkItem>
                                </ul>
                              </nav>
                            </NavLang__NotSelectableDiv>
                          </NavLang>
                        </div>
                      </Col>
                      <Col
                        xs={6}
                      >
                        <div
                          className="col-6"
                        >
                          <NavHeader__NavControl
                            data-test-id="switch-nav-content"
                            onClick={[Function]}
                          >
                            <div
                              className="NavHeader__NavControl-sc-160hfd6-1 dFNMQf"
                              data-test-id="switch-nav-content"
                              onClick={[Function]}
                            >
                              <NavHeader__HamburgerIcon>
                                <GiHamburgerMenu
                                  className="NavHeader__HamburgerIcon-sc-160hfd6-2 jkcwFV"
                                >
                                  <IconBase
                                    attr={
                                      Object {
                                        "viewBox": "0 0 512 512",
                                      }
                                    }
                                    className="NavHeader__HamburgerIcon-sc-160hfd6-2 jkcwFV"
                                  >
                                    <svg
                                      className="NavHeader__HamburgerIcon-sc-160hfd6-2 jkcwFV"
                                      fill="currentColor"
                                      height="1em"
                                      stroke="currentColor"
                                      strokeWidth="0"
                                      style={
                                        Object {
                                          "color": undefined,
                                        }
                                      }
                                      viewBox="0 0 512 512"
                                      width="1em"
                                      xmlns="http://www.w3.org/2000/svg"
                                    >
                                      <path
                                        d="M32 96v64h448V96H32zm0 128v64h448v-64H32zm0 128v64h448v-64H32z"
                                        key="0"
                                      />
                                    </svg>
                                  </IconBase>
                                </GiHamburgerMenu>
                              </NavHeader__HamburgerIcon>
                               
                              <Translate
                                id="Menu"
                              >
                                <WrappedTranslate
                                  context={
                                    Object {
                                      "activeLanguage": undefined,
                                      "addTranslation": [Function],
                                      "addTranslationForLanguage": [Function],
                                      "defaultLanguage": undefined,
                                      "ignoreTranslateChildren": false,
                                      "initialize": [Function],
                                      "languages": Array [],
                                      "renderToStaticMarkup": false,
                                      "setActiveLanguage": [Function],
                                      "translate": [Function],
                                    }
                                  }
                                  id="Menu"
                                >
                                  Missing translationId: Menu for language: \${ languageCode }
                                </WrappedTranslate>
                              </Translate>
                            </div>
                          </NavHeader__NavControl>
                        </div>
                      </Col>
                    </div>
                  </ForwardRef>
                </div>
              </Container>
            </MobileContainer>
          </div>
        </NavHeader__NavContainer>
      </NavHeader>
      <NavContent
        isShowNavContent={false}
      >
        <NavContent__NavContainer
          isShowNavContent={false}
        >
          <div
            className="NavContent__NavContainer-sc-14r5cpy-0 dOMkVW"
          >
            <MobileContainer>
              <Container
                className="MobileContainer-sc-1lm99xs-0 grSHFn"
                fluid={false}
              >
                <div
                  className="MobileContainer-sc-1lm99xs-0 grSHFn container"
                >
                  <ForwardRef
                    noGutters={false}
                  >
                    <div
                      className="row"
                    >
                      <Col
                        lg={2}
                      >
                        <div
                          className="col-lg-2"
                        >
                          <NavLogo>
                            <NavLogo__Logo
                              href="https://github.com/DeKal/portfolio-next-js"
                            >
                              <a
                                className="NavLogo__Logo-sc-14wvy38-0 wBGuq"
                                href="https://github.com/DeKal/portfolio-next-js"
                              >
                                <NavLogo__LogoText>
                                  <span
                                    className="NavLogo__LogoText-sc-14wvy38-1 kbehzi"
                                  >
                                    JD
                                  </span>
                                </NavLogo__LogoText>
                              </a>
                            </NavLogo__Logo>
                          </NavLogo>
                        </div>
                      </Col>
                      <Col
                        fluid="true"
                      >
                        <div
                          className="col"
                          fluid="true"
                        >
                          <NavContent__NavMenu>
                            <nav
                              className="NavContent__NavMenu-sc-14r5cpy-1 ifxgCa"
                            >
                              <ul>
                                <NavContent__NavLi
                                  key="Home"
                                >
                                  <li
                                    className="NavContent__NavLi-sc-14r5cpy-2 dQAysX"
                                  >
                                    <NavItem
                                      isSelected={false}
                                      page={
                                        Object {
                                          "cmpName": "Home",
                                          "name": "Home",
                                          "url": "/#Home",
                                        }
                                      }
                                      setSelectedPage={[Function]}
                                    >
                                      <NavItem__Container
                                        data-test-id="nav-link"
                                        href="/#Home"
                                        onClick={[Function]}
                                      >
                                        <a
                                          className="NavItem__Container-sc-1f6z3ag-0 cYcjaB"
                                          data-test-id="nav-link"
                                          href="/#Home"
                                          onClick={[Function]}
                                        >
                                          <Translate
                                            id="Home"
                                          >
                                            <WrappedTranslate
                                              context={
                                                Object {
                                                  "activeLanguage": undefined,
                                                  "addTranslation": [Function],
                                                  "addTranslationForLanguage": [Function],
                                                  "defaultLanguage": undefined,
                                                  "ignoreTranslateChildren": false,
                                                  "initialize": [Function],
                                                  "languages": Array [],
                                                  "renderToStaticMarkup": false,
                                                  "setActiveLanguage": [Function],
                                                  "translate": [Function],
                                                }
                                              }
                                              id="Home"
                                            >
                                              Missing translationId: Home for language: \${ languageCode }
                                            </WrappedTranslate>
                                          </Translate>
                                        </a>
                                      </NavItem__Container>
                                    </NavItem>
                                  </li>
                                </NavContent__NavLi>
                                <NavContent__NavLi
                                  key="About"
                                >
                                  <li
                                    className="NavContent__NavLi-sc-14r5cpy-2 dQAysX"
                                  >
                                    <NavItem
                                      isSelected={false}
                                      page={
                                        Object {
                                          "cmpName": "About",
                                          "name": "About",
                                          "url": "/#About",
                                        }
                                      }
                                      setSelectedPage={[Function]}
                                    >
                                      <NavItem__Container
                                        data-test-id="nav-link"
                                        href="/#About"
                                        onClick={[Function]}
                                      >
                                        <a
                                          className="NavItem__Container-sc-1f6z3ag-0 cYcjaB"
                                          data-test-id="nav-link"
                                          href="/#About"
                                          onClick={[Function]}
                                        >
                                          <Translate
                                            id="About"
                                          >
                                            <WrappedTranslate
                                              context={
                                                Object {
                                                  "activeLanguage": undefined,
                                                  "addTranslation": [Function],
                                                  "addTranslationForLanguage": [Function],
                                                  "defaultLanguage": undefined,
                                                  "ignoreTranslateChildren": false,
                                                  "initialize": [Function],
                                                  "languages": Array [],
                                                  "renderToStaticMarkup": false,
                                                  "setActiveLanguage": [Function],
                                                  "translate": [Function],
                                                }
                                              }
                                              id="About"
                                            >
                                              Missing translationId: About for language: \${ languageCode }
                                            </WrappedTranslate>
                                          </Translate>
                                        </a>
                                      </NavItem__Container>
                                    </NavItem>
                                  </li>
                                </NavContent__NavLi>
                                <NavContent__NavLi
                                  key="Experiences"
                                >
                                  <li
                                    className="NavContent__NavLi-sc-14r5cpy-2 dQAysX"
                                  >
                                    <NavItem
                                      isSelected={false}
                                      page={
                                        Object {
                                          "cmpName": "Experiences",
                                          "name": "Experiences",
                                          "url": "/#Experiences",
                                        }
                                      }
                                      setSelectedPage={[Function]}
                                    >
                                      <NavItem__Container
                                        data-test-id="nav-link"
                                        href="/#Experiences"
                                        onClick={[Function]}
                                      >
                                        <a
                                          className="NavItem__Container-sc-1f6z3ag-0 cYcjaB"
                                          data-test-id="nav-link"
                                          href="/#Experiences"
                                          onClick={[Function]}
                                        >
                                          <Translate
                                            id="Experiences"
                                          >
                                            <WrappedTranslate
                                              context={
                                                Object {
                                                  "activeLanguage": undefined,
                                                  "addTranslation": [Function],
                                                  "addTranslationForLanguage": [Function],
                                                  "defaultLanguage": undefined,
                                                  "ignoreTranslateChildren": false,
                                                  "initialize": [Function],
                                                  "languages": Array [],
                                                  "renderToStaticMarkup": false,
                                                  "setActiveLanguage": [Function],
                                                  "translate": [Function],
                                                }
                                              }
                                              id="Experiences"
                                            >
                                              Missing translationId: Experiences for language: \${ languageCode }
                                            </WrappedTranslate>
                                          </Translate>
                                        </a>
                                      </NavItem__Container>
                                    </NavItem>
                                  </li>
                                </NavContent__NavLi>
                                <NavContent__NavLi
                                  key="Projects"
                                >
                                  <li
                                    className="NavContent__NavLi-sc-14r5cpy-2 dQAysX"
                                  >
                                    <NavItem
                                      isSelected={false}
                                      page={
                                        Object {
                                          "cmpName": "Projects",
                                          "name": "Projects",
                                          "url": "/#Projects",
                                        }
                                      }
                                      setSelectedPage={[Function]}
                                    >
                                      <NavItem__Container
                                        data-test-id="nav-link"
                                        href="/#Projects"
                                        onClick={[Function]}
                                      >
                                        <a
                                          className="NavItem__Container-sc-1f6z3ag-0 cYcjaB"
                                          data-test-id="nav-link"
                                          href="/#Projects"
                                          onClick={[Function]}
                                        >
                                          <Translate
                                            id="Projects"
                                          >
                                            <WrappedTranslate
                                              context={
                                                Object {
                                                  "activeLanguage": undefined,
                                                  "addTranslation": [Function],
                                                  "addTranslationForLanguage": [Function],
                                                  "defaultLanguage": undefined,
                                                  "ignoreTranslateChildren": false,
                                                  "initialize": [Function],
                                                  "languages": Array [],
                                                  "renderToStaticMarkup": false,
                                                  "setActiveLanguage": [Function],
                                                  "translate": [Function],
                                                }
                                              }
                                              id="Projects"
                                            >
                                              Missing translationId: Projects for language: \${ languageCode }
                                            </WrappedTranslate>
                                          </Translate>
                                        </a>
                                      </NavItem__Container>
                                    </NavItem>
                                  </li>
                                </NavContent__NavLi>
                                <NavContent__NavLi
                                  key="Certifications"
                                >
                                  <li
                                    className="NavContent__NavLi-sc-14r5cpy-2 dQAysX"
                                  >
                                    <NavItem
                                      isSelected={false}
                                      page={
                                        Object {
                                          "cmpName": "Certifications",
                                          "name": "Certifications",
                                          "url": "/#Certifications",
                                        }
                                      }
                                      setSelectedPage={[Function]}
                                    >
                                      <NavItem__Container
                                        data-test-id="nav-link"
                                        href="/#Certifications"
                                        onClick={[Function]}
                                      >
                                        <a
                                          className="NavItem__Container-sc-1f6z3ag-0 cYcjaB"
                                          data-test-id="nav-link"
                                          href="/#Certifications"
                                          onClick={[Function]}
                                        >
                                          <Translate
                                            id="Certifications"
                                          >
                                            <WrappedTranslate
                                              context={
                                                Object {
                                                  "activeLanguage": undefined,
                                                  "addTranslation": [Function],
                                                  "addTranslationForLanguage": [Function],
                                                  "defaultLanguage": undefined,
                                                  "ignoreTranslateChildren": false,
                                                  "initialize": [Function],
                                                  "languages": Array [],
                                                  "renderToStaticMarkup": false,
                                                  "setActiveLanguage": [Function],
                                                  "translate": [Function],
                                                }
                                              }
                                              id="Certifications"
                                            >
                                              Missing translationId: Certifications for language: \${ languageCode }
                                            </WrappedTranslate>
                                          </Translate>
                                        </a>
                                      </NavItem__Container>
                                    </NavItem>
                                  </li>
                                </NavContent__NavLi>
                                <NavContent__NavLi
                                  key="Contacts"
                                >
                                  <li
                                    className="NavContent__NavLi-sc-14r5cpy-2 dQAysX"
                                  >
                                    <NavItem
                                      isSelected={false}
                                      page={
                                        Object {
                                          "cmpName": "Contacts",
                                          "name": "Contacts",
                                          "url": "/#Contacts",
                                        }
                                      }
                                      setSelectedPage={[Function]}
                                    >
                                      <NavItem__Container
                                        data-test-id="nav-link"
                                        href="/#Contacts"
                                        onClick={[Function]}
                                      >
                                        <a
                                          className="NavItem__Container-sc-1f6z3ag-0 cYcjaB"
                                          data-test-id="nav-link"
                                          href="/#Contacts"
                                          onClick={[Function]}
                                        >
                                          <Translate
                                            id="Contacts"
                                          >
                                            <WrappedTranslate
                                              context={
                                                Object {
                                                  "activeLanguage": undefined,
                                                  "addTranslation": [Function],
                                                  "addTranslationForLanguage": [Function],
                                                  "defaultLanguage": undefined,
                                                  "ignoreTranslateChildren": false,
                                                  "initialize": [Function],
                                                  "languages": Array [],
                                                  "renderToStaticMarkup": false,
                                                  "setActiveLanguage": [Function],
                                                  "translate": [Function],
                                                }
                                              }
                                              id="Contacts"
                                            >
                                              Missing translationId: Contacts for language: \${ languageCode }
                                            </WrappedTranslate>
                                          </Translate>
                                        </a>
                                      </NavItem__Container>
                                    </NavItem>
                                  </li>
                                </NavContent__NavLi>
                                <NavContent__NavLi
                                  key="Blogs"
                                >
                                  <li
                                    className="NavContent__NavLi-sc-14r5cpy-2 dQAysX"
                                  >
                                    <NavItem
                                      isSelected={false}
                                      page={
                                        Object {
                                          "cmpName": "blogs",
                                          "name": "Blogs",
                                          "url": "/blogs",
                                        }
                                      }
                                      setSelectedPage={[Function]}
                                    >
                                      <NavItem__Container
                                        data-test-id="nav-link"
                                        href="/blogs"
                                        onClick={[Function]}
                                      >
                                        <a
                                          className="NavItem__Container-sc-1f6z3ag-0 cYcjaB"
                                          data-test-id="nav-link"
                                          href="/blogs"
                                          onClick={[Function]}
                                        >
                                          <Translate
                                            id="Blogs"
                                          >
                                            <WrappedTranslate
                                              context={
                                                Object {
                                                  "activeLanguage": undefined,
                                                  "addTranslation": [Function],
                                                  "addTranslationForLanguage": [Function],
                                                  "defaultLanguage": undefined,
                                                  "ignoreTranslateChildren": false,
                                                  "initialize": [Function],
                                                  "languages": Array [],
                                                  "renderToStaticMarkup": false,
                                                  "setActiveLanguage": [Function],
                                                  "translate": [Function],
                                                }
                                              }
                                              id="Blogs"
                                            >
                                              Missing translationId: Blogs for language: \${ languageCode }
                                            </WrappedTranslate>
                                          </Translate>
                                        </a>
                                      </NavItem__Container>
                                    </NavItem>
                                  </li>
                                </NavContent__NavLi>
                              </ul>
                            </nav>
                          </NavContent__NavMenu>
                        </div>
                      </Col>
                    </div>
                  </ForwardRef>
                </div>
              </Container>
            </MobileContainer>
          </div>
        </NavContent__NavContainer>
      </NavContent>
    </header>
  </Navbar__MainHeader>
</Navbar>
`;
